============================================================
 BASELINES — Majority, Random, TF-IDF models
 Job: 22566 | Wed Mar 18 12:52:57 PDT 2026
============================================================

==========================================================================================
BASELINE RESULTS — Test Set
==========================================================================================
Model                            Macro F1  Macro PRAUC
------------------------------------------------------------------------------------------
Majority Class                     0.0000       0.0854
Random (Prior)                     0.0843       0.0893
Most Common Label Set              0.0000       0.0000
TF-IDF + LogReg                    0.1865       0.3632
TF-IDF + RandomForest              0.0981       0.3518
TF-IDF + SVM                       0.2736       0.3334

------------------------------------------------------------------------------------------
Per-Theme F1           Attai   Aspir   Navig   Resis   Perse   Socia   Spiri   Famil
------------------------------------------------------------------------------------------
Majority Class       0.000   0.000   0.000   0.000   0.000   0.000   0.000   0.000  
Random (Prior)       0.000   0.155   0.274   0.012   0.085   0.030   0.054   0.027  
Most Common Label Se 0.000   0.000   0.000   0.000   0.000   0.000   0.000   0.000  
TF-IDF + LogReg      0.000   0.414   0.535   0.000   0.000   0.152   0.021   0.370  
TF-IDF + RandomFores 0.000   0.170   0.373   0.000   0.000   0.022   0.000   0.220  
TF-IDF + SVM         0.054   0.453   0.554   0.082   0.167   0.317   0.075   0.487  
==========================================================================================
============================================================
 DONE — Wed Mar 18 12:53:23 PDT 2026
============================================================
