============================================================
 DAPT — DeBERTa-v3-large MLM pre-training (FRESH)
 Job: 22628 | Node: gpu02.hpc.at.sfsu.edu | Wed Mar 18 20:44:51 PDT 2026
============================================================
NVIDIA A100 80GB PCIe, 81920 MiB
NVIDIA A100 80GB PCIe, 81920 MiB
NVIDIA A100 80GB PCIe, 81920 MiB
NVIDIA A100 80GB PCIe, 81920 MiB
Config: configs/large_aware.yaml
Corpus: data/dapt_corpus.txt
Output: results/dapt_large
2026-03-18 20:45:09,336 [INFO] __main__: DAPT corpus: 2636 essays, 1958.2 KB
2026-03-18 20:45:11,713 [WARNING] accelerate.utils.other: Detected kernel version 4.18.0, which is below the recommended minimum of 5.5.0; this can cause the process to hang. It is recommended to upgrade the kernel to the minimum version or higher.
2026-03-18 20:45:11,834 [INFO] __main__: Starting DAPT...
{'loss': 10.1183, 'grad_norm': 11.782049179077148, 'learning_rate': 3.656716417910448e-06, 'epoch': 0.17}
{'loss': 6.6131, 'grad_norm': 11.342020034790039, 'learning_rate': 7.3880597014925385e-06, 'epoch': 0.34}
{'loss': 5.3945, 'grad_norm': 8.689544677734375, 'learning_rate': 1.1119402985074628e-05, 'epoch': 0.51}
{'loss': 4.7386, 'grad_norm': 9.643921852111816, 'learning_rate': 1.4850746268656717e-05, 'epoch': 0.67}
{'loss': 4.3165, 'grad_norm': 9.132460594177246, 'learning_rate': 1.8582089552238806e-05, 'epoch': 0.84}
{'eval_loss': 3.6037092208862305, 'eval_runtime': 1.4794, 'eval_samples_per_second': 177.779, 'eval_steps_per_second': 22.307, 'epoch': 1.0}
{'loss': 3.8593, 'grad_norm': 9.117642402648926, 'learning_rate': 1.985192261762599e-05, 'epoch': 1.01}
{'loss': 3.6885, 'grad_norm': 14.431803703308105, 'learning_rate': 1.9613088129925964e-05, 'epoch': 1.18}
{'loss': 3.4476, 'grad_norm': 8.749616622924805, 'learning_rate': 1.937425364222594e-05, 'epoch': 1.35}
{'loss': 3.3357, 'grad_norm': 9.387840270996094, 'learning_rate': 1.9135419154525916e-05, 'epoch': 1.52}
{'loss': 3.2256, 'grad_norm': 8.611824989318848, 'learning_rate': 1.889658466682589e-05, 'epoch': 1.68}
{'loss': 3.1224, 'grad_norm': 9.32098388671875, 'learning_rate': 1.8657750179125865e-05, 'epoch': 1.85}
{'eval_loss': 2.7952675819396973, 'eval_runtime': 1.5073, 'eval_samples_per_second': 174.48, 'eval_steps_per_second': 21.893, 'epoch': 2.0}
{'loss': 2.9223, 'grad_norm': 10.60009765625, 'learning_rate': 1.8418915691425844e-05, 'epoch': 2.02}
{'loss': 2.9083, 'grad_norm': 9.818033218383789, 'learning_rate': 1.818008120372582e-05, 'epoch': 2.19}
{'loss': 2.8317, 'grad_norm': 9.77918815612793, 'learning_rate': 1.7941246716025796e-05, 'epoch': 2.36}
{'loss': 2.7849, 'grad_norm': 8.79330825805664, 'learning_rate': 1.7702412228325772e-05, 'epoch': 2.53}
{'loss': 2.7461, 'grad_norm': 8.694754600524902, 'learning_rate': 1.7463577740625748e-05, 'epoch': 2.69}
{'loss': 2.7242, 'grad_norm': 9.273907661437988, 'learning_rate': 1.7224743252925724e-05, 'epoch': 2.86}
{'eval_loss': 2.5299441814422607, 'eval_runtime': 1.5114, 'eval_samples_per_second': 174.005, 'eval_steps_per_second': 21.833, 'epoch': 3.0}
{'loss': 2.6273, 'grad_norm': 8.69536018371582, 'learning_rate': 1.69859087652257e-05, 'epoch': 3.03}
{'loss': 2.5784, 'grad_norm': 9.058984756469727, 'learning_rate': 1.6747074277525676e-05, 'epoch': 3.2}
{'loss': 2.5627, 'grad_norm': 8.337874412536621, 'learning_rate': 1.6508239789825652e-05, 'epoch': 3.37}
{'loss': 2.5651, 'grad_norm': 8.73807430267334, 'learning_rate': 1.6269405302125628e-05, 'epoch': 3.54}
{'loss': 2.5041, 'grad_norm': 8.1929292678833, 'learning_rate': 1.6030570814425604e-05, 'epoch': 3.7}
{'loss': 2.4315, 'grad_norm': 9.105023384094238, 'learning_rate': 1.579173632672558e-05, 'epoch': 3.87}
{'eval_loss': 2.364797592163086, 'eval_runtime': 1.5092, 'eval_samples_per_second': 174.268, 'eval_steps_per_second': 21.866, 'epoch': 4.0}
{'loss': 2.4371, 'grad_norm': 10.691278457641602, 'learning_rate': 1.5552901839025556e-05, 'epoch': 4.04}
{'loss': 2.3313, 'grad_norm': 10.962629318237305, 'learning_rate': 1.5314067351325532e-05, 'epoch': 4.21}
{'loss': 2.3211, 'grad_norm': 11.514613151550293, 'learning_rate': 1.5075232863625508e-05, 'epoch': 4.38}
{'loss': 2.3032, 'grad_norm': 10.703481674194336, 'learning_rate': 1.4836398375925486e-05, 'epoch': 4.55}
{'loss': 2.2775, 'grad_norm': 12.540449142456055, 'learning_rate': 1.4597563888225462e-05, 'epoch': 4.71}
{'loss': 2.303, 'grad_norm': 8.039348602294922, 'learning_rate': 1.4358729400525438e-05, 'epoch': 4.88}
{'eval_loss': 2.259364128112793, 'eval_runtime': 1.5152, 'eval_samples_per_second': 173.575, 'eval_steps_per_second': 21.779, 'epoch': 5.0}
{'loss': 2.2257, 'grad_norm': 7.70352840423584, 'learning_rate': 1.4119894912825414e-05, 'epoch': 5.05}
{'loss': 2.284, 'grad_norm': 10.089241981506348, 'learning_rate': 1.388106042512539e-05, 'epoch': 5.22}
{'loss': 2.2191, 'grad_norm': 7.711069107055664, 'learning_rate': 1.3642225937425366e-05, 'epoch': 5.39}
{'loss': 2.2697, 'grad_norm': 9.958255767822266, 'learning_rate': 1.340339144972534e-05, 'epoch': 5.56}
{'loss': 2.2261, 'grad_norm': 8.878094673156738, 'learning_rate': 1.3164556962025317e-05, 'epoch': 5.72}
{'loss': 2.198, 'grad_norm': 11.03927230834961, 'learning_rate': 1.2925722474325293e-05, 'epoch': 5.89}
{'eval_loss': 2.15468168258667, 'eval_runtime': 1.5155, 'eval_samples_per_second': 173.538, 'eval_steps_per_second': 21.775, 'epoch': 6.0}
{'loss': 2.1618, 'grad_norm': 8.791982650756836, 'learning_rate': 1.268688798662527e-05, 'epoch': 6.06}
{'loss': 2.154, 'grad_norm': 11.012290954589844, 'learning_rate': 1.2448053498925245e-05, 'epoch': 6.23}
{'loss': 2.1481, 'grad_norm': 9.09727954864502, 'learning_rate': 1.2209219011225221e-05, 'epoch': 6.4}
{'loss': 2.2025, 'grad_norm': 8.571396827697754, 'learning_rate': 1.1970384523525197e-05, 'epoch': 6.57}
{'loss': 2.0834, 'grad_norm': 8.136571884155273, 'learning_rate': 1.1731550035825175e-05, 'epoch': 6.73}
{'loss': 2.1518, 'grad_norm': 9.431540489196777, 'learning_rate': 1.1492715548125151e-05, 'epoch': 6.9}
{'eval_loss': 2.091416835784912, 'eval_runtime': 1.5112, 'eval_samples_per_second': 174.039, 'eval_steps_per_second': 21.838, 'epoch': 7.0}
{'loss': 2.1195, 'grad_norm': 7.842433929443359, 'learning_rate': 1.1253881060425127e-05, 'epoch': 7.07}
{'loss': 2.0355, 'grad_norm': 10.275196075439453, 'learning_rate': 1.1015046572725103e-05, 'epoch': 7.24}
{'loss': 2.0393, 'grad_norm': 8.47973346710205, 'learning_rate': 1.0776212085025079e-05, 'epoch': 7.41}
{'loss': 2.0301, 'grad_norm': 9.286809921264648, 'learning_rate': 1.0537377597325053e-05, 'epoch': 7.58}
{'loss': 1.9481, 'grad_norm': 9.020269393920898, 'learning_rate': 1.029854310962503e-05, 'epoch': 7.74}
{'loss': 2.0524, 'grad_norm': 8.253896713256836, 'learning_rate': 1.0059708621925007e-05, 'epoch': 7.91}
{'eval_loss': 2.1159310340881348, 'eval_runtime': 1.5109, 'eval_samples_per_second': 174.069, 'eval_steps_per_second': 21.841, 'epoch': 8.0}
{'loss': 2.0383, 'grad_norm': 8.437957763671875, 'learning_rate': 9.820874134224983e-06, 'epoch': 8.08}
{'loss': 1.9455, 'grad_norm': 8.290531158447266, 'learning_rate': 9.582039646524959e-06, 'epoch': 8.25}
{'loss': 1.9585, 'grad_norm': 7.653025150299072, 'learning_rate': 9.343205158824935e-06, 'epoch': 8.42}
{'loss': 2.0287, 'grad_norm': 9.695409774780273, 'learning_rate': 9.10437067112491e-06, 'epoch': 8.59}
{'loss': 1.927, 'grad_norm': 9.163122177124023, 'learning_rate': 8.865536183424888e-06, 'epoch': 8.75}
{'loss': 2.0361, 'grad_norm': 9.229696273803711, 'learning_rate': 8.626701695724863e-06, 'epoch': 8.92}
{'eval_loss': 2.029914617538452, 'eval_runtime': 1.5272, 'eval_samples_per_second': 172.209, 'eval_steps_per_second': 21.608, 'epoch': 9.0}
{'loss': 1.9037, 'grad_norm': 13.01516056060791, 'learning_rate': 8.387867208024839e-06, 'epoch': 9.09}
{'loss': 1.955, 'grad_norm': 8.20675277709961, 'learning_rate': 8.149032720324815e-06, 'epoch': 9.26}
{'loss': 1.9541, 'grad_norm': 9.124334335327148, 'learning_rate': 7.910198232624792e-06, 'epoch': 9.43}
{'loss': 1.9364, 'grad_norm': 8.715764999389648, 'learning_rate': 7.671363744924768e-06, 'epoch': 9.6}
{'loss': 1.9007, 'grad_norm': 11.163949012756348, 'learning_rate': 7.432529257224744e-06, 'epoch': 9.76}
{'loss': 2.0064, 'grad_norm': 9.228177070617676, 'learning_rate': 7.193694769524719e-06, 'epoch': 9.93}
{'eval_loss': 2.0059428215026855, 'eval_runtime': 1.5154, 'eval_samples_per_second': 173.553, 'eval_steps_per_second': 21.777, 'epoch': 10.0}
{'loss': 1.891, 'grad_norm': 8.778400421142578, 'learning_rate': 6.954860281824695e-06, 'epoch': 10.1}
{'loss': 1.9366, 'grad_norm': 10.573763847351074, 'learning_rate': 6.716025794124672e-06, 'epoch': 10.27}
{'loss': 1.9436, 'grad_norm': 7.850955486297607, 'learning_rate': 6.477191306424648e-06, 'epoch': 10.44}
{'loss': 1.9115, 'grad_norm': 10.948030471801758, 'learning_rate': 6.238356818724625e-06, 'epoch': 10.61}
{'loss': 1.9197, 'grad_norm': 11.308622360229492, 'learning_rate': 5.999522331024601e-06, 'epoch': 10.77}
{'loss': 1.9151, 'grad_norm': 8.443900108337402, 'learning_rate': 5.760687843324576e-06, 'epoch': 10.94}
{'eval_loss': 1.9307591915130615, 'eval_runtime': 1.5181, 'eval_samples_per_second': 173.243, 'eval_steps_per_second': 21.738, 'epoch': 11.0}
{'loss': 1.8375, 'grad_norm': 8.775482177734375, 'learning_rate': 5.521853355624552e-06, 'epoch': 11.11}
{'loss': 1.8871, 'grad_norm': 14.162550926208496, 'learning_rate': 5.283018867924529e-06, 'epoch': 11.28}
{'loss': 1.8515, 'grad_norm': 8.54826831817627, 'learning_rate': 5.044184380224505e-06, 'epoch': 11.45}
{'loss': 1.8602, 'grad_norm': 8.043780326843262, 'learning_rate': 4.805349892524481e-06, 'epoch': 11.62}
{'loss': 1.909, 'grad_norm': 9.829899787902832, 'learning_rate': 4.566515404824457e-06, 'epoch': 11.78}
{'loss': 1.8815, 'grad_norm': 8.933024406433105, 'learning_rate': 4.327680917124434e-06, 'epoch': 11.95}
{'eval_loss': 2.0734245777130127, 'eval_runtime': 1.5135, 'eval_samples_per_second': 173.765, 'eval_steps_per_second': 21.803, 'epoch': 12.0}
{'loss': 1.8194, 'grad_norm': 6.912431716918945, 'learning_rate': 4.088846429424409e-06, 'epoch': 12.12}
{'loss': 1.7973, 'grad_norm': 8.252482414245605, 'learning_rate': 3.8500119417243855e-06, 'epoch': 12.29}
{'loss': 1.8809, 'grad_norm': 8.277068138122559, 'learning_rate': 3.6111774540243615e-06, 'epoch': 12.46}
{'loss': 1.7754, 'grad_norm': 9.258719444274902, 'learning_rate': 3.3723429663243375e-06, 'epoch': 12.63}
{'loss': 1.8303, 'grad_norm': 12.304035186767578, 'learning_rate': 3.1335084786243135e-06, 'epoch': 12.79}
{'loss': 1.8678, 'grad_norm': 11.091894149780273, 'learning_rate': 2.89467399092429e-06, 'epoch': 12.96}
{'eval_loss': 1.937470555305481, 'eval_runtime': 1.5132, 'eval_samples_per_second': 173.798, 'eval_steps_per_second': 21.807, 'epoch': 13.0}
{'loss': 1.8133, 'grad_norm': 8.243621826171875, 'learning_rate': 2.655839503224266e-06, 'epoch': 13.13}
{'loss': 1.8036, 'grad_norm': 11.024356842041016, 'learning_rate': 2.417005015524242e-06, 'epoch': 13.3}
{'loss': 1.7929, 'grad_norm': 8.976722717285156, 'learning_rate': 2.1781705278242178e-06, 'epoch': 13.47}
{'loss': 1.8462, 'grad_norm': 8.347762107849121, 'learning_rate': 1.9393360401241938e-06, 'epoch': 13.64}
{'loss': 1.8431, 'grad_norm': 8.90543270111084, 'learning_rate': 1.7005015524241702e-06, 'epoch': 13.8}
{'loss': 1.818, 'grad_norm': 8.272676467895508, 'learning_rate': 1.4616670647241463e-06, 'epoch': 13.97}
{'eval_loss': 1.8411720991134644, 'eval_runtime': 1.5123, 'eval_samples_per_second': 173.906, 'eval_steps_per_second': 21.821, 'epoch': 14.0}
{'loss': 1.8119, 'grad_norm': 8.781275749206543, 'learning_rate': 1.2228325770241225e-06, 'epoch': 14.14}
{'loss': 1.8259, 'grad_norm': 8.617644309997559, 'learning_rate': 9.839980893240985e-07, 'epoch': 14.31}
{'loss': 1.8171, 'grad_norm': 9.388696670532227, 'learning_rate': 7.451636016240746e-07, 'epoch': 14.48}
{'loss': 1.7565, 'grad_norm': 9.249918937683105, 'learning_rate': 5.063291139240507e-07, 'epoch': 14.65}
{'loss': 1.8541, 'grad_norm': 9.58725357055664, 'learning_rate': 2.674946262240268e-07, 'epoch': 14.81}
{'loss': 1.7842, 'grad_norm': 7.948637962341309, 'learning_rate': 2.866013852400287e-08, 'epoch': 14.98}
{'eval_loss': 1.8543353080749512, 'eval_runtime': 1.5135, 'eval_samples_per_second': 173.768, 'eval_steps_per_second': 21.804, 'epoch': 15.0}
{'train_runtime': 769.964, 'train_samples_per_second': 46.229, 'train_steps_per_second': 5.786, 'train_loss': 2.421968365357781, 'epoch': 15.0}
2026-03-18 20:58:02,020 [INFO] __main__: DAPT done. Loss: 2.4220
2026-03-18 20:58:03,525 [INFO] __main__: DAPT eval loss: 1.9047, perplexity: 6.72
2026-03-18 20:58:07,589 [INFO] __main__: Saved DAPT encoder → results/dapt_large/encoder
============================================================
 DAPT DONE — Wed Mar 18 20:58:08 PDT 2026
============================================================
