/Users/923673423/miniconda/envs/llm_env/lib/python3.10/site-packages/transformers/convert_slow_tokenizer.py:564: UserWarning: The sentencepiece tokenizer that you are converting to a fast tokenizer uses the byte fallback option which is not implemented in the fast tokenizers. In practice this means that the fast version of the tokenizer can produce unknown tokens whereas the sentencepiece version would have converted these unknown tokens into a sequence of byte tokens matching the original piece of text.
  warnings.warn(
Traceback (most recent call last):
  File "/Users/923673423/f2-models/Comparison/4_large_aware/scripts/train.py", line 120, in <module>
    main()
  File "/Users/923673423/f2-models/Comparison/4_large_aware/scripts/train.py", line 114, in main
    history = trainer.train()
  File "/Users/923673423/f2-models/Comparison/4_large_aware/scripts/trainer.py", line 178, in train
    loss_info = self._train_epoch(optimizer, scheduler, phase=1)
  File "/Users/923673423/f2-models/Comparison/4_large_aware/scripts/trainer.py", line 659, in _train_epoch
    out1 = self.model(**fwd)
  File "/Users/923673423/miniconda/envs/llm_env/lib/python3.10/site-packages/torch/nn/modules/module.py", line 1773, in _wrapped_call_impl
    return self._call_impl(*args, **kwargs)
  File "/Users/923673423/miniconda/envs/llm_env/lib/python3.10/site-packages/torch/nn/modules/module.py", line 1784, in _call_impl
    return forward_call(*args, **kwargs)
  File "/Users/923673423/f2-models/Comparison/4_large_aware/scripts/model.py", line 585, in forward
    sent_emb = self.pooling(token_emb, attention_mask, sentence_boundaries, sentence_mask)
  File "/Users/923673423/miniconda/envs/llm_env/lib/python3.10/site-packages/torch/nn/modules/module.py", line 1773, in _wrapped_call_impl
    return self._call_impl(*args, **kwargs)
  File "/Users/923673423/miniconda/envs/llm_env/lib/python3.10/site-packages/torch/nn/modules/module.py", line 1784, in _call_impl
    return forward_call(*args, **kwargs)
  File "/Users/923673423/f2-models/Comparison/4_large_aware/scripts/model.py", line 215, in forward
    scores = scores.masked_fill(masked == 0, -1e9)
RuntimeError: value cannot be converted to type at::Half without overflow
